  Determining projects to restore...
  All projects are up-to-date for restore.
  RaindropMcp -> /app/src/Mcp/bin/Debug/net8.0/RaindropMcp.dll
  RaindropMcp.Tests -> /app/tests/Mcp.Tests/bin/Debug/net8.0/RaindropMcp.Tests.dll
Test run for /app/tests/Mcp.Tests/bin/Debug/net8.0/RaindropMcp.Tests.dll (.NETCoreApp,Version=v8.0)
VSTest version 17.11.1 (x64)

Starting test execution, please wait...
A total of 1 test files matched the specified pattern.
[xUnit.net 00:00:02.34]     Mcp.Tests.Integration.FullFlowTests.FullFlow [FAIL]
  Failed Mcp.Tests.Integration.FullFlowTests.FullFlow [805 ms]
  Error Message:
   Refit.ApiException : Response status code does not indicate success: 401 (Unauthorized).
  Stack Trace:
     at Refit.RequestBuilderImplementation.<>c__DisplayClass15_0`2.<<BuildCancellableTaskFuncForMethod>b__0>d.MoveNext() in c:\temp\releaser\refit\Refit\RequestBuilderImplementation.cs:line 384
--- End of stack trace from previous location ---
   at Refit.Implementation.Generated.McpCollectionsICollectionsApi.global::Mcp.Collections.ICollectionsApi.CreateAsync(Collection collection, CancellationToken cancellationToken) in /app/src/Mcp/obj/Debug/net8.0/InterfaceStubGeneratorV2/Refit.Generator.InterfaceStubGeneratorV2/ICollectionsApi.g.cs:line 138
   at Mcp.Tests.Integration.FullFlowTests.FullFlow() in /app/tests/Mcp.Tests/Integration/FullFlowTests.cs:line 46
   at Mcp.Tests.Integration.FullFlowTests.FullFlow() in /app/tests/Mcp.Tests/Integration/FullFlowTests.cs:line 108
--- End of stack trace from previous location ---

Failed!  - Failed:     1, Passed:    19, Skipped:     0, Total:    20, Duration: 6 s - RaindropMcp.Tests.dll (net8.0)
